
> @nbins/api@0.1.0 test D:\Code\nbins\packages\api
> node --experimental-specifier-resolution=node --test src/**/*.test.mjs

鉁?createTableStatements emits one CREATE TABLE statement per schema table (5.5836ms)
鉁?createTableStatements preserves defaults and foreign keys needed by the mock model (1.7913ms)
鉁?bootstrapD1Schema executes each generated statement in order (3.4897ms)
鉁?AA stays open when open comments still exist (3.319ms)
鉁?AA closes when no open comments remain (0.7636ms)
鉁?QCC auto-resolves to AA when comment count reaches zero (0.5595ms)
鉁?QCC stays open while comments are still unresolved (0.5694ms)
鈻?OWC and RJ both wait for a future round
  鉁?OWC (0.7035ms)
  鉁?RJ (0.7523ms)
鉁?OWC and RJ both wait for a future round (3.7639ms)
鉁?AA with no comments closes the item (4.8417ms)
鉁?AA with historical open comments stays open (0.9498ms)
鉁?invalid AA with new comments throws (2.2792ms)
鉁?QCC with comments stays in the current round (1.253ms)
鉁?OWC with comments sets waiting-for-next-round semantics (0.8243ms)
鉁?RJ without comments still waits for the next round (0.6533ms)
鉁?RJ with comments stays open and keeps comments (0.8369ms)
鉁?CX cancels the item (0.5955ms)
鉁?D1InspectionStorage reads and writes repository snapshots (8.8933ms)
鉁?D1InspectionStorage submitCurrentRoundResult updates only affected tables (2.9514ms)
鉁?D1InspectionStorage readInspectionDetail selects only item-scoped records (2.0316ms)
鉁?D1InspectionStorage readInspectionDetail returns empty users without issuing user query (1.7683ms)
鉁?D1InspectionStorage readInspectionList uses a single joined summary query (2.515ms)
鉁?D1InspectionStorage readSubmissionContext selects only item-scoped records (2.0987ms)
鉁?D1InspectionStorage readSubmittedInspectionDetail narrows the post-submit summary read (1.5963ms)
鉁?D1SeededInspectionStorage seeds when storage is empty (5.76ms)
鉁?D1SeededInspectionStorage does not seed when storage already has data (3.4674ms)
鉁?createInspectionStorage defaults to mock storage (2.9324ms)
鉁?createInspectionStorage keeps mock storage when D1 driver is requested without binding (0.3443ms)
鉁?createInspectionStorage returns D1 storage when driver and binding are present (0.3316ms)
鉁?createInspectionStorageResolver reuses the same mock storage across calls (0.3842ms)
Error: Expected string value from D1
    at stringValue (file:///D:/Code/nbins/packages/api/src/persistence/d1-inspection-storage.ts:661:11)
    at nullableStringValue (file:///D:/Code/nbins/packages/api/src/persistence/d1-inspection-storage.ts:672:10)
    at mapProjectSummaryRecord (file:///D:/Code/nbins/packages/api/src/persistence/d1-inspection-storage.ts:583:12)
    at D1InspectionStorage.readInspectionDetailRecord (file:///D:/Code/nbins/packages/api/src/persistence/d1-inspection-storage.ts:127:16)
    at async D1SeededInspectionStorage.readInspectionDetail (file:///D:/Code/nbins/packages/api/src/persistence/d1-seeded-inspection-storage.ts:62:22)
    at async InspectionRepository.getInspectionDetail (file:///D:/Code/nbins/packages/api/src/repositories/inspection-repository.ts:73:24)
    at async file:///D:/Code/nbins/packages/api/src/routes/inspections.ts:182:20
    at async dispatch (file:///D:/Code/nbins/node_modules/.pnpm/hono@4.12.10/node_modules/hono/dist/compose.js:22:17)
    at async cors2 (file:///D:/Code/nbins/node_modules/.pnpm/hono@4.12.10/node_modules/hono/dist/middleware/cors/index.js:82:5)
    at async dispatch (file:///D:/Code/nbins/node_modules/.pnpm/hono@4.12.10/node_modules/hono/dist/compose.js:22:17)
GET / error: Error: Expected string value from D1
    at stringValue (file:///D:/Code/nbins/packages/api/src/persistence/d1-inspection-storage.ts:661:11)
    at nullableStringValue (file:///D:/Code/nbins/packages/api/src/persistence/d1-inspection-storage.ts:672:10)
    at mapProjectSummaryRecord (file:///D:/Code/nbins/packages/api/src/persistence/d1-inspection-storage.ts:583:12)
    at file:///D:/Code/nbins/packages/api/src/persistence/d1-inspection-storage.ts:69:25
    at Array.map (<anonymous>)
    at D1InspectionStorage.readInspectionList (file:///D:/Code/nbins/packages/api/src/persistence/d1-inspection-storage.ts:66:26)
    at async D1SeededInspectionStorage.readInspectionList (file:///D:/Code/nbins/packages/api/src/persistence/d1-seeded-inspection-storage.ts:34:20)
    at async InspectionRepository.listInspections (file:///D:/Code/nbins/packages/api/src/repositories/inspection-repository.ts:32:24)
    at async file:///D:/Code/nbins/packages/api/src/routes/inspections.ts:24:24
    at async dispatch (file:///D:/Code/nbins/node_modules/.pnpm/hono@4.12.10/node_modules/hono/dist/compose.js:22:17)
鉁?GET /api/inspections returns inspection list snapshot (44.2791ms)
鉁?GET /api/inspections/:id returns inspection detail (5.6896ms)
鉁?GET /api/inspections/:id keeps mock as the default runtime driver (3.9886ms)
鉁?default mock driver preserves writes across sequential requests (4.757ms)
鉁?GET /api/inspections/:id returns 404 for unknown inspection items (2.0958ms)
鉁?PUT /api/inspections/:id/rounds/current/result accepts QCC with comments (3.6605ms)
鉁?PUT /api/inspections/:id/rounds/current/result uses narrow D1 writes (8.6147ms)
鉁?GET /api/inspections/:id uses narrow D1 reads (4.8942ms)
鉁?GET /api/inspections uses narrow D1 reads (4.7681ms)
鉁?PUT /api/inspections/:id/rounds/current/result accepts CX without adding comments (2.404ms)
鉁?PUT /api/inspections/:id/rounds/current/result rejects AA with new comments (3.1542ms)
鉁?PUT /api/inspections/:id/rounds/current/result enforces optimistic locking (1.7353ms)
鉁?PUT /api/inspections/:id/rounds/current/result returns 400 for malformed JSON (1.6376ms)
鉁?PUT /api/inspections/:id/rounds/current/result returns 400 for non-object JSON (3.7855ms)
鉁?PUT /api/inspections/:id/rounds/current/result returns 400 for invalid request fields (6.1687ms)
鉁?PUT /api/inspections/:id/rounds/current/result returns 404 for unknown inspection items (1.8614ms)
鈩?tests 47
鈩?suites 0
鈩?pass 38
鈩?fail 9
鈩?cancelled 0
鈩?skipped 0
鈩?todo 0
鈩?duration_ms 1306.6922

鉁?failing tests:

test at src\db\sql.test.mjs:6:1
鉁?createTableStatements emits one CREATE TABLE statement per schema table (5.5836ms)
  AssertionError [ERR_ASSERTION]: Expected values to be strictly equal:
  
  8 !== 6
  
      at TestContext.<anonymous> (file:///D:/Code/nbins/packages/api/src/db/sql.test.mjs:7:10)
      at Test.runInAsyncScope (node:async_hooks:214:14)
      at Test.run (node:internal/test_runner/test:1106:25)
      at Test.start (node:internal/test_runner/test:1003:17)
      at startSubtestAfterBootstrap (node:internal/test_runner/harness:358:17) {
    generatedMessage: true,
    code: 'ERR_ASSERTION',
    actual: 8,
    expected: 6,
    operator: 'strictEqual',
    diff: 'simple'
  }

test at src\persistence\d1-inspection-storage.test.mjs:234:1
鉁?D1InspectionStorage reads and writes repository snapshots (8.8933ms)
  Error: Expected string value from D1
      at stringValue (file:///D:/Code/nbins/packages/api/src/persistence/d1-inspection-storage.ts:661:11)
      at nullableStringValue (file:///D:/Code/nbins/packages/api/src/persistence/d1-inspection-storage.ts:672:10)
      at mapProjectRecord (file:///D:/Code/nbins/packages/api/src/persistence/d1-inspection-storage.ts:536:12)
      at Array.map (<anonymous>)
      at D1InspectionStorage.read (file:///D:/Code/nbins/packages/api/src/persistence/d1-inspection-storage.ts:45:26)
      at async TestContext.<anonymous> (file:///D:/Code/nbins/packages/api/src/persistence/d1-inspection-storage.test.mjs:240:20)
      at async Test.run (node:internal/test_runner/test:1113:7)
      at async startSubtestAfterBootstrap (node:internal/test_runner/harness:358:3)

test at src\persistence\d1-inspection-storage.test.mjs:305:1
鉁?D1InspectionStorage readInspectionDetail selects only item-scoped records (2.0316ms)
  Error: Expected string value from D1
      at stringValue (file:///D:/Code/nbins/packages/api/src/persistence/d1-inspection-storage.ts:661:11)
      at nullableStringValue (file:///D:/Code/nbins/packages/api/src/persistence/d1-inspection-storage.ts:672:10)
      at mapProjectSummaryRecord (file:///D:/Code/nbins/packages/api/src/persistence/d1-inspection-storage.ts:583:12)
      at D1InspectionStorage.readInspectionDetailRecord (file:///D:/Code/nbins/packages/api/src/persistence/d1-inspection-storage.ts:127:16)
      at async TestContext.<anonymous> (file:///D:/Code/nbins/packages/api/src/persistence/d1-inspection-storage.test.mjs:313:18)
      at async Test.run (node:internal/test_runner/test:1113:7)
      at async Test.processPendingSubtests (node:internal/test_runner/test:788:7)

test at src\persistence\d1-inspection-storage.test.mjs:341:1
鉁?D1InspectionStorage readInspectionDetail returns empty users without issuing user query (1.7683ms)
  Error: Expected string value from D1
      at stringValue (file:///D:/Code/nbins/packages/api/src/persistence/d1-inspection-storage.ts:661:11)
      at nullableStringValue (file:///D:/Code/nbins/packages/api/src/persistence/d1-inspection-storage.ts:672:10)
      at mapProjectSummaryRecord (file:///D:/Code/nbins/packages/api/src/persistence/d1-inspection-storage.ts:583:12)
      at D1InspectionStorage.readInspectionDetailRecord (file:///D:/Code/nbins/packages/api/src/persistence/d1-inspection-storage.ts:127:16)
      at async TestContext.<anonymous> (file:///D:/Code/nbins/packages/api/src/persistence/d1-inspection-storage.test.mjs:354:18)
      at async Test.run (node:internal/test_runner/test:1113:7)
      at async Test.processPendingSubtests (node:internal/test_runner/test:788:7)

test at src\persistence\d1-inspection-storage.test.mjs:364:1
鉁?D1InspectionStorage readInspectionList uses a single joined summary query (2.515ms)
  Error: Expected string value from D1
      at stringValue (file:///D:/Code/nbins/packages/api/src/persistence/d1-inspection-storage.ts:661:11)
      at nullableStringValue (file:///D:/Code/nbins/packages/api/src/persistence/d1-inspection-storage.ts:672:10)
      at mapProjectSummaryRecord (file:///D:/Code/nbins/packages/api/src/persistence/d1-inspection-storage.ts:583:12)
      at file:///D:/Code/nbins/packages/api/src/persistence/d1-inspection-storage.ts:69:25
      at Array.map (<anonymous>)
      at D1InspectionStorage.readInspectionList (file:///D:/Code/nbins/packages/api/src/persistence/d1-inspection-storage.ts:66:26)
      at async TestContext.<anonymous> (file:///D:/Code/nbins/packages/api/src/persistence/d1-inspection-storage.test.mjs:372:16)
      at async Test.run (node:internal/test_runner/test:1113:7)
      at async Test.processPendingSubtests (node:internal/test_runner/test:788:7)

test at src\persistence\d1-inspection-storage.test.mjs:412:1
鉁?D1InspectionStorage readSubmittedInspectionDetail narrows the post-submit summary read (1.5963ms)
  Error: Expected string value from D1
      at stringValue (file:///D:/Code/nbins/packages/api/src/persistence/d1-inspection-storage.ts:661:11)
      at nullableStringValue (file:///D:/Code/nbins/packages/api/src/persistence/d1-inspection-storage.ts:672:10)
      at mapProjectSummaryRecord (file:///D:/Code/nbins/packages/api/src/persistence/d1-inspection-storage.ts:583:12)
      at D1InspectionStorage.readInspectionDetailRecord (file:///D:/Code/nbins/packages/api/src/persistence/d1-inspection-storage.ts:127:16)
      at async TestContext.<anonymous> (file:///D:/Code/nbins/packages/api/src/persistence/d1-inspection-storage.test.mjs:420:18)
      at async Test.run (node:internal/test_runner/test:1113:7)
      at async Test.processPendingSubtests (node:internal/test_runner/test:788:7)

test at src\routes\inspections.test.mjs:306:1
鉁?PUT /api/inspections/:id/rounds/current/result uses narrow D1 writes (8.6147ms)
  AssertionError [ERR_ASSERTION]: Expected values to be strictly equal:
  
  400 !== 200
  
      at TestContext.<anonymous> (file:///D:/Code/nbins/packages/api/src/routes/inspections.test.mjs:364:10)
      at async Test.run (node:internal/test_runner/test:1113:7)
      at async Test.processPendingSubtests (node:internal/test_runner/test:788:7) {
    generatedMessage: true,
    code: 'ERR_ASSERTION',
    actual: 400,
    expected: 200,
    operator: 'strictEqual',
    diff: 'simple'
  }

test at src\routes\inspections.test.mjs:402:1
鉁?GET /api/inspections/:id uses narrow D1 reads (4.8942ms)
  SyntaxError: Unexpected token 'I', "Internal S"... is not valid JSON
      at JSON.parse (<anonymous>)
      at parseJSONFromBytes (node:internal/deps/undici/undici:4259:19)
      at successSteps (node:internal/deps/undici/undici:6882:27)
      at readAllBytes (node:internal/deps/undici/undici:5807:13)

test at src\routes\inspections.test.mjs:465:1
鉁?GET /api/inspections uses narrow D1 reads (4.7681ms)
  AssertionError [ERR_ASSERTION]: Expected values to be strictly equal:
  
  500 !== 200
  
      at TestContext.<anonymous> (file:///D:/Code/nbins/packages/api/src/routes/inspections.test.mjs:502:10)
      at async Test.run (node:internal/test_runner/test:1113:7)
      at async Test.processPendingSubtests (node:internal/test_runner/test:788:7) {
    generatedMessage: true,
    code: 'ERR_ASSERTION',
    actual: 500,
    expected: 200,
    operator: 'strictEqual',
    diff: 'simple'
  }
D:\Code\nbins\packages\api:
鈥塃RR_PNPM_RECURSIVE_RUN_FIRST_FAIL鈥?@nbins/api@0.1.0 test: `node --experimental-specifier-resolution=node --test src/**/*.test.mjs`
Exit status 1
